// Jest Snapshot v1, https://goo.gl/fbAQLP

exports[`happy 1`] = `"https://rambda.now.sh?const%20result%20%3D%20await%20R.composeAsync(%0A%20%20R.mapAsync(async%20x%20%3D%3E%20%7B%0A%20%20%20%20await%20R.delay(100)%0A%20%20%20%20return%20x%20%2B%201%0A%20%20%7D)%2C%0A%20%20R.filter(x%20%3D%3E%20x%20%3E%201)%0A)(%5B1%2C%202%2C%203%5D)%0A%2F%2F%20%3D%3E%20%5B3%2C%204%5D"`;
